// Jest Snapshot v1, https://goo.gl/fbAQLP

exports[`ChallengeItem component renders ChallengeItem 1`] = `
<section
  className="ChallengeItem"
>
  <h3>
    forEach
     
    1
  </h3>
  <p>
    Write a function named greeting that takes in a string and returns the string in all uppercase lette...
  </p>
  <div>
    <h4>
      âœ”
    </h4>
    <h4>
      03/02/20
    </h4>
  </div>
</section>
`;
